	  4E 45 53 1A               .db "NES", $1A
	  01                          .db 1
	  00                          .db 0
	  00                          .db $00
	  00                          .db $00
	  00 00 00 00                 .db $00, $00, $00, $00
	                            
	                              .org $8000
08000                           Reset:
08000 78                          SEI
08001 D8                          CLD
08002 A2 40                       LDX #$40
08004 8E 17 40                    STX $4017
08007 A2 FF                       LDX #$FF
08009 9A                          TXS
0800A                           
0800A                           WaitVBlank:
0800A 2C 02 20                    BIT $2002
0800D 10 FB                       BPL WaitVBlank
0800F                           
0800F A2 FF                       LDX #$FF
08011 8E 00 20                    STX $2000
08014 8E 01 20                    STX $2001
08017 8E 05 20                    STX $2005
0801A 8E 05 20                    STX $2005
0801D                           
0801D A9 3F                       LDA #$3F
0801F 8D 06 20                    STA $2006
08022 A9 00                       LDA #$00
08024 8D 06 20                    STA $2006
08027                           
08027 A9 12                       LDA #$12
08029 8D 07 20                    STA $2007
0802C A9 0F                       LDA #$0F
0802E 8D 07 20                    STA $2007
08031 8D 07 20                    STA $2007
08034 8D 07 20                    STA $2007
08037                           
08037                           Forever:
08037 4C 37 80                    JMP Forever
0803A                           
0803A 00 00 00 00 00 00 00 00..   .org $FFFA
0FFFA 00 00                       .dw 0
0FFFC 00 80                       .dw Reset
0FFFE 00 00                       .dw 0